This is XeTeX, Version 3.141592653-2.6-0.999998 (TeX Live 2026) (preloaded format=xelatex 2026.3.14)  20 MAR 2026 20:45
entering extended mode
 restricted \write18 enabled.
 %&-line parsing enabled.
**nns-book.tex
(./nns-book.tex
LaTeX2e <2025-11-01>
L3 programming layer <2026-01-19>
(c:/Users/fredv/AppData/Roaming/TinyTeX/texmf-dist/tex/latex/base/book.cls
Document Class: book 2025/01/22 v1.4n Standard LaTeX document class
(c:/Users/fredv/AppData/Roaming/TinyTeX/texmf-dist/tex/latex/base/bk10.clo
File: bk10.clo 2025/01/22 v1.4n Standard LaTeX file (size option)
)
\c@part=\count271
\c@chapter=\count272
\c@section=\count273
\c@subsection=\count274
\c@subsubsection=\count275
\c@paragraph=\count276
\c@subparagraph=\count277
\c@figure=\count278
\c@table=\count279
\abovecaptionskip=\skip49
\belowcaptionskip=\skip50
\bibindent=\dimen148
) (c:/Users/fredv/AppData/Roaming/TinyTeX/texmf-dist/tex/latex/xcolor/xcolor.sty
Package: xcolor 2024/09/29 v3.02 LaTeX color extensions (UK)
(c:/Users/fredv/AppData/Roaming/TinyTeX/texmf-dist/tex/latex/graphics-cfg/color.cfg
File: color.cfg 2016/01/02 v1.6 sample color configuration
)
Package xcolor Info: Driver file: xetex.def on input line 274.
(c:/Users/fredv/AppData/Roaming/TinyTeX/texmf-dist/tex/latex/graphics-def/xetex.def
File: xetex.def 2025/11/01 v5.0p Graphics/color driver for xetex
) (c:/Users/fredv/AppData/Roaming/TinyTeX/texmf-dist/tex/latex/graphics/mathcolor.ltx)
Package xcolor Info: Model `cmy' substituted by `cmy0' on input line 1349.
Package xcolor Info: Model `RGB' extended on input line 1365.
Package xcolor Info: Model `HTML' substituted by `rgb' on input line 1367.
Package xcolor Info: Model `Hsb' substituted by `hsb' on input line 1368.
Package xcolor Info: Model `tHsb' substituted by `hsb' on input line 1369.
Package xcolor Info: Model `HSB' substituted by `hsb' on input line 1370.
Package xcolor Info: Model `Gray' substituted by `gray' on input line 1371.
Package xcolor Info: Model `wave' substituted by `hsb' on input line 1372.
) (c:/Users/fredv/AppData/Roaming/TinyTeX/texmf-dist/tex/latex/amsmath/amsmath.sty
Package: amsmath 2025/07/09 v2.17z AMS math features
\@mathmargin=\skip51
For additional information on amsmath, use the `?' option.
(c:/Users/fredv/AppData/Roaming/TinyTeX/texmf-dist/tex/latex/amsmath/amstext.sty
Package: amstext 2024/11/17 v2.01 AMS text
(c:/Users/fredv/AppData/Roaming/TinyTeX/texmf-dist/tex/latex/amsmath/amsgen.sty
File: amsgen.sty 1999/11/30 v2.0 generic functions
\@emptytoks=\toks17
\ex@=\dimen149
)) (c:/Users/fredv/AppData/Roaming/TinyTeX/texmf-dist/tex/latex/amsmath/amsbsy.sty
Package: amsbsy 1999/11/29 v1.2d Bold Symbols
\pmbraise@=\dimen150
) (c:/Users/fredv/AppData/Roaming/TinyTeX/texmf-dist/tex/latex/amsmath/amsopn.sty
Package: amsopn 2022/04/08 v2.04 operator names
)
\inf@bad=\count280
LaTeX Info: Redefining \frac on input line 233.
\uproot@=\count281
\leftroot@=\count282
LaTeX Info: Redefining \overline on input line 398.
LaTeX Info: Redefining \colon on input line 409.
\classnum@=\count283
\DOTSCASE@=\count284
LaTeX Info: Redefining \ldots on input line 495.
LaTeX Info: Redefining \dots on input line 498.
LaTeX Info: Redefining \cdots on input line 619.
\Mathstrutbox@=\box53
\strutbox@=\box54
LaTeX Info: Redefining \big on input line 721.
LaTeX Info: Redefining \Big on input line 722.
LaTeX Info: Redefining \bigg on input line 723.
LaTeX Info: Redefining \Bigg on input line 724.
\big@size=\dimen151
LaTeX Font Info:    Redeclaring font encoding OML on input line 742.
LaTeX Font Info:    Redeclaring font encoding OMS on input line 743.
\macc@depth=\count285
LaTeX Info: Redefining \bmod on input line 904.
LaTeX Info: Redefining \pmod on input line 909.
LaTeX Info: Redefining \smash on input line 939.
LaTeX Info: Redefining \relbar on input line 969.
LaTeX Info: Redefining \Relbar on input line 970.
\c@MaxMatrixCols=\count286
\dotsspace@=\muskip17
\c@parentequation=\count287
\dspbrk@lvl=\count288
\tag@help=\toks18
\row@=\count289
\column@=\count290
\maxfields@=\count291
\andhelp@=\toks19
\eqnshift@=\dimen152
\alignsep@=\dimen153
\tagshift@=\dimen154
\tagwidth@=\dimen155
\totwidth@=\dimen156
\lineht@=\dimen157
\@envbody=\toks20
\multlinegap=\skip52
\multlinetaggap=\skip53
\mathdisplay@stack=\toks21
LaTeX Info: Redefining \[ on input line 2950.
LaTeX Info: Redefining \] on input line 2951.
) (c:/Users/fredv/AppData/Roaming/TinyTeX/texmf-dist/tex/latex/amsfonts/amssymb.sty
Package: amssymb 2013/01/14 v3.01 AMS font symbols
(c:/Users/fredv/AppData/Roaming/TinyTeX/texmf-dist/tex/latex/amsfonts/amsfonts.sty
Package: amsfonts 2013/01/14 v3.01 Basic AMSFonts support
\symAMSa=\mathgroup4
\symAMSb=\mathgroup5
LaTeX Font Info:    Redeclaring math symbol \hbar on input line 98.
LaTeX Font Info:    Overwriting math alphabet `\mathfrak' in version `bold'
(Font)                  U/euf/m/n --> U/euf/b/n on input line 106.
)) (c:/Users/fredv/AppData/Roaming/TinyTeX/texmf-dist/tex/generic/iftex/iftex.sty
Package: iftex 2024/12/12 v1.0g TeX engine tests
) (c:/Users/fredv/AppData/Roaming/TinyTeX/texmf-dist/tex/latex/unicode-math/unicode-math.sty (c:/Users/fredv/AppData/Roaming/TinyTeX/texmf-dist/tex/latex/l3kernel/expl3.sty
Package: expl3 2026-01-19 L3 programming layer (loader) 
(c:/Users/fredv/AppData/Roaming/TinyTeX/texmf-dist/tex/latex/l3backend/l3backend-xetex.def
File: l3backend-xetex.def 2025-10-09 L3 backend support: XeTeX
\g__graphics_track_int=\count292
\g__pdfannot_backend_int=\count293
\g__pdfannot_backend_link_int=\count294
))
Package: unicode-math 2023/08/13 v0.8r Unicode maths in XeLaTeX and LuaLaTeX
(c:/Users/fredv/AppData/Roaming/TinyTeX/texmf-dist/tex/latex/unicode-math/unicode-math-xetex.sty
Package: unicode-math-xetex 2023/08/13 v0.8r Unicode maths in XeLaTeX and LuaLaTeX
(c:/Users/fredv/AppData/Roaming/TinyTeX/texmf-dist/tex/latex/l3packages/xparse/xparse.sty
Package: xparse 2025-10-09 L3 Experimental document command parser
) (c:/Users/fredv/AppData/Roaming/TinyTeX/texmf-dist/tex/latex/l3packages/l3keys2e/l3keys2e.sty
Package: l3keys2e 2025-10-09 LaTeX2e option processing using LaTeX3 keys
) (c:/Users/fredv/AppData/Roaming/TinyTeX/texmf-dist/tex/latex/fontspec/fontspec.sty
Package: fontspec 2025/09/29 v2.9g Font selection for XeLaTeX and LuaLaTeX
(c:/Users/fredv/AppData/Roaming/TinyTeX/texmf-dist/tex/latex/fontspec/fontspec-xetex.sty
Package: fontspec-xetex 2025/09/29 v2.9g Font selection for XeLaTeX and LuaLaTeX
\l__fontspec_script_int=\count295
\l__fontspec_language_int=\count296
\l__fontspec_strnum_int=\count297
\l__fontspec_tmp_int=\count298
\l__fontspec_tmpa_int=\count299
\l__fontspec_tmpb_int=\count300
\l__fontspec_tmpc_int=\count301
\l__fontspec_em_int=\count302
\l__fontspec_emdef_int=\count303
\l__fontspec_strong_int=\count304
\l__fontspec_strongdef_int=\count305
\l__fontspec_tmpa_dim=\dimen158
\l__fontspec_tmpb_dim=\dimen159
\l__fontspec_tmpc_dim=\dimen160
(c:/Users/fredv/AppData/Roaming/TinyTeX/texmf-dist/tex/latex/base/fontenc.sty
Package: fontenc 2025/07/18 v2.1d Standard LaTeX package
) (c:/Users/fredv/AppData/Roaming/TinyTeX/texmf-dist/tex/latex/fontspec/fontspec.cfg))) (c:/Users/fredv/AppData/Roaming/TinyTeX/texmf-dist/tex/latex/base/fix-cm.sty
Package: fix-cm 2020/11/24 v1.1t fixes to LaTeX
(c:/Users/fredv/AppData/Roaming/TinyTeX/texmf-dist/tex/latex/base/ts1enc.def
File: ts1enc.def 2001/06/05 v3.0e (jk/car/fm) Standard LaTeX file
LaTeX Font Info:    Redeclaring font encoding TS1 on input line 47.
LaTeX Encoding Info:    Redeclaring text command \capitalcedilla (encoding TS1) on input line 49.
LaTeX Encoding Info:    Redeclaring text command \capitalogonek (encoding TS1) on input line 52.
LaTeX Encoding Info:    Redeclaring text command \capitalgrave (encoding TS1) on input line 55.
LaTeX Encoding Info:    Redeclaring text command \capitalacute (encoding TS1) on input line 56.
LaTeX Encoding Info:    Redeclaring text command \capitalcircumflex (encoding TS1) on input line 57.
LaTeX Encoding Info:    Redeclaring text command \capitaltilde (encoding TS1) on input line 58.
LaTeX Encoding Info:    Redeclaring text command \capitaldieresis (encoding TS1) on input line 59.
LaTeX Encoding Info:    Redeclaring text command \capitalhungarumlaut (encoding TS1) on input line 60.
LaTeX Encoding Info:    Redeclaring text command \capitalring (encoding TS1) on input line 61.
LaTeX Encoding Info:    Redeclaring text command \capitalcaron (encoding TS1) on input line 62.
LaTeX Encoding Info:    Redeclaring text command \capitalbreve (encoding TS1) on input line 63.
LaTeX Encoding Info:    Redeclaring text command \capitalmacron (encoding TS1) on input line 64.
LaTeX Encoding Info:    Redeclaring text command \capitaldotaccent (encoding TS1) on input line 65.
LaTeX Encoding Info:    Redeclaring text command \t (encoding TS1) on input line 66.
LaTeX Encoding Info:    Redeclaring text command \capitaltie (encoding TS1) on input line 67.
LaTeX Encoding Info:    Redeclaring text command \newtie (encoding TS1) on input line 68.
LaTeX Encoding Info:    Redeclaring text command \capitalnewtie (encoding TS1) on input line 69.
LaTeX Encoding Info:    Redeclaring text symbol \textcapitalcompwordmark (encoding TS1) on input line 70.
LaTeX Encoding Info:    Redeclaring text symbol \textascendercompwordmark (encoding TS1) on input line 71.
LaTeX Encoding Info:    Redeclaring text symbol \textquotestraightbase (encoding TS1) on input line 72.
LaTeX Encoding Info:    Redeclaring text symbol \textquotestraightdblbase (encoding TS1) on input line 73.
LaTeX Encoding Info:    Redeclaring text symbol \texttwelveudash (encoding TS1) on input line 74.
LaTeX Encoding Info:    Redeclaring text symbol \textthreequartersemdash (encoding TS1) on input line 75.
LaTeX Encoding Info:    Redeclaring text symbol \textleftarrow (encoding TS1) on input line 76.
LaTeX Encoding Info:    Redeclaring text symbol \textrightarrow (encoding TS1) on input line 77.
LaTeX Encoding Info:    Redeclaring text symbol \textblank (encoding TS1) on input line 78.
LaTeX Encoding Info:    Redeclaring text symbol \textdollar (encoding TS1) on input line 79.
LaTeX Encoding Info:    Redeclaring text symbol \textquotesingle (encoding TS1) on input line 80.
LaTeX Encoding Info:    Redeclaring text command \textasteriskcentered (encoding TS1) on input line 81.
LaTeX Encoding Info:    Redeclaring text symbol \textdblhyphen (encoding TS1) on input line 92.
LaTeX Encoding Info:    Redeclaring text symbol \textfractionsolidus (encoding TS1) on input line 93.
LaTeX Encoding Info:    Redeclaring text symbol \textzerooldstyle (encoding TS1) on input line 94.
LaTeX Encoding Info:    Redeclaring text symbol \textoneoldstyle (encoding TS1) on input line 95.
LaTeX Encoding Info:    Redeclaring text symbol \texttwooldstyle (encoding TS1) on input line 96.
LaTeX Encoding Info:    Redeclaring text symbol \textthreeoldstyle (encoding TS1) on input line 97.
LaTeX Encoding Info:    Redeclaring text symbol \textfouroldstyle (encoding TS1) on input line 98.
LaTeX Encoding Info:    Redeclaring text symbol \textfiveoldstyle (encoding TS1) on input line 99.
LaTeX Encoding Info:    Redeclaring text symbol \textsixoldstyle (encoding TS1) on input line 100.
LaTeX Encoding Info:    Redeclaring text symbol \textsevenoldstyle (encoding TS1) on input line 101.
LaTeX Encoding Info:    Redeclaring text symbol \texteightoldstyle (encoding TS1) on input line 102.
LaTeX Encoding Info:    Redeclaring text symbol \textnineoldstyle (encoding TS1) on input line 103.
LaTeX Encoding Info:    Redeclaring text symbol \textlangle (encoding TS1) on input line 104.
LaTeX Encoding Info:    Redeclaring text symbol \textminus (encoding TS1) on input line 105.
LaTeX Encoding Info:    Redeclaring text symbol \textrangle (encoding TS1) on input line 106.
LaTeX Encoding Info:    Redeclaring text symbol \textmho (encoding TS1) on input line 107.
LaTeX Encoding Info:    Redeclaring text symbol \textbigcircle (encoding TS1) on input line 108.
LaTeX Encoding Info:    Redeclaring text command \textcircled (encoding TS1) on input line 109.
LaTeX Encoding Info:    Redeclaring text symbol \textohm (encoding TS1) on input line 115.
LaTeX Encoding Info:    Redeclaring text symbol \textlbrackdbl (encoding TS1) on input line 116.
LaTeX Encoding Info:    Redeclaring text symbol \textrbrackdbl (encoding TS1) on input line 117.
LaTeX Encoding Info:    Redeclaring text symbol \textuparrow (encoding TS1) on input line 118.
LaTeX Encoding Info:    Redeclaring text symbol \textdownarrow (encoding TS1) on input line 119.
LaTeX Encoding Info:    Redeclaring text symbol \textasciigrave (encoding TS1) on input line 120.
LaTeX Encoding Info:    Redeclaring text symbol \textborn (encoding TS1) on input line 121.
LaTeX Encoding Info:    Redeclaring text symbol \textdivorced (encoding TS1) on input line 122.
LaTeX Encoding Info:    Redeclaring text symbol \textdied (encoding TS1) on input line 123.
LaTeX Encoding Info:    Redeclaring text symbol \textleaf (encoding TS1) on input line 124.
LaTeX Encoding Info:    Redeclaring text symbol \textmarried (encoding TS1) on input line 125.
LaTeX Encoding Info:    Redeclaring text symbol \textmusicalnote (encoding TS1) on input line 126.
LaTeX Encoding Info:    Redeclaring text symbol \texttildelow (encoding TS1) on input line 127.
LaTeX Encoding Info:    Redeclaring text symbol \textdblhyphenchar (encoding TS1) on input line 128.
LaTeX Encoding Info:    Redeclaring text symbol \textasciibreve (encoding TS1) on input line 129.
LaTeX Encoding Info:    Redeclaring text symbol \textasciicaron (encoding TS1) on input line 130.
LaTeX Encoding Info:    Redeclaring text symbol \textacutedbl (encoding TS1) on input line 131.
LaTeX Encoding Info:    Redeclaring text symbol \textgravedbl (encoding TS1) on input line 132.
LaTeX Encoding Info:    Redeclaring text symbol \textdagger (encoding TS1) on input line 133.
LaTeX Encoding Info:    Redeclaring text symbol \textdaggerdbl (encoding TS1) on input line 134.
LaTeX Encoding Info:    Redeclaring text symbol \textbardbl (encoding TS1) on input line 135.
LaTeX Encoding Info:    Redeclaring text symbol \textperthousand (encoding TS1) on input line 136.
LaTeX Encoding Info:    Redeclaring text symbol \textbullet (encoding TS1) on input line 137.
LaTeX Encoding Info:    Redeclaring text symbol \textcelsius (encoding TS1) on input line 138.
LaTeX Encoding Info:    Redeclaring text symbol \textdollaroldstyle (encoding TS1) on input line 139.
LaTeX Encoding Info:    Redeclaring text symbol \textcentoldstyle (encoding TS1) on input line 140.
LaTeX Encoding Info:    Redeclaring text symbol \textflorin (encoding TS1) on input line 141.
LaTeX Encoding Info:    Redeclaring text symbol \textcolonmonetary (encoding TS1) on input line 142.
LaTeX Encoding Info:    Redeclaring text symbol \textwon (encoding TS1) on input line 143.
LaTeX Encoding Info:    Redeclaring text symbol \textnaira (encoding TS1) on input line 144.
LaTeX Encoding Info:    Redeclaring text symbol \textguarani (encoding TS1) on input line 145.
LaTeX Encoding Info:    Redeclaring text symbol \textpeso (encoding TS1) on input line 146.
LaTeX Encoding Info:    Redeclaring text symbol \textlira (encoding TS1) on input line 147.
LaTeX Encoding Info:    Redeclaring text symbol \textrecipe (encoding TS1) on input line 148.
LaTeX Encoding Info:    Redeclaring text symbol \textinterrobang (encoding TS1) on input line 149.
LaTeX Encoding Info:    Redeclaring text symbol \textinterrobangdown (encoding TS1) on input line 150.
LaTeX Encoding Info:    Redeclaring text symbol \textdong (encoding TS1) on input line 151.
LaTeX Encoding Info:    Redeclaring text symbol \texttrademark (encoding TS1) on input line 152.
LaTeX Encoding Info:    Redeclaring text symbol \textpertenthousand (encoding TS1) on input line 153.
LaTeX Encoding Info:    Redeclaring text symbol \textpilcrow (encoding TS1) on input line 154.
LaTeX Encoding Info:    Redeclaring text symbol \textbaht (encoding TS1) on input line 155.
LaTeX Encoding Info:    Redeclaring text symbol \textnumero (encoding TS1) on input line 156.
LaTeX Encoding Info:    Redeclaring text symbol \textdiscount (encoding TS1) on input line 157.
LaTeX Encoding Info:    Redeclaring text symbol \textestimated (encoding TS1) on input line 158.
LaTeX Encoding Info:    Redeclaring text symbol \textopenbullet (encoding TS1) on input line 159.
LaTeX Encoding Info:    Redeclaring text symbol \textservicemark (encoding TS1) on input line 160.
LaTeX Encoding Info:    Redeclaring text symbol \textlquill (encoding TS1) on input line 161.
LaTeX Encoding Info:    Redeclaring text symbol \textrquill (encoding TS1) on input line 162.
LaTeX Encoding Info:    Redeclaring text symbol \textcent (encoding TS1) on input line 163.
LaTeX Encoding Info:    Redeclaring text symbol \textsterling (encoding TS1) on input line 164.
LaTeX Encoding Info:    Redeclaring text symbol \textcurrency (encoding TS1) on input line 165.
LaTeX Encoding Info:    Redeclaring text symbol \textyen (encoding TS1) on input line 166.
LaTeX Encoding Info:    Redeclaring text symbol \textbrokenbar (encoding TS1) on input line 167.
LaTeX Encoding Info:    Redeclaring text symbol \textsection (encoding TS1) on input line 168.
LaTeX Encoding Info:    Redeclaring text symbol \textasciidieresis (encoding TS1) on input line 169.
LaTeX Encoding Info:    Redeclaring text symbol \textcopyright (encoding TS1) on input line 170.
LaTeX Encoding Info:    Redeclaring text symbol \textordfeminine (encoding TS1) on input line 171.
LaTeX Encoding Info:    Redeclaring text symbol \textcopyleft (encoding TS1) on input line 172.
LaTeX Encoding Info:    Redeclaring text symbol \textlnot (encoding TS1) on input line 173.
LaTeX Encoding Info:    Redeclaring text symbol \textcircledP (encoding TS1) on input line 174.
LaTeX Encoding Info:    Redeclaring text symbol \textregistered (encoding TS1) on input line 175.
LaTeX Encoding Info:    Redeclaring text symbol \textasciimacron (encoding TS1) on input line 176.
LaTeX Encoding Info:    Redeclaring text symbol \textdegree (encoding TS1) on input line 177.
LaTeX Encoding Info:    Redeclaring text symbol \textpm (encoding TS1) on input line 178.
LaTeX Encoding Info:    Redeclaring text symbol \texttwosuperior (encoding TS1) on input line 179.
LaTeX Encoding Info:    Redeclaring text symbol \textthreesuperior (encoding TS1) on input line 180.
LaTeX Encoding Info:    Redeclaring text symbol \textasciiacute (encoding TS1) on input line 181.
LaTeX Encoding Info:    Redeclaring text symbol \textmu (encoding TS1) on input line 182.
LaTeX Encoding Info:    Redeclaring text symbol \textparagraph (encoding TS1) on input line 183.
LaTeX Encoding Info:    Redeclaring text symbol \textperiodcentered (encoding TS1) on input line 184.
LaTeX Encoding Info:    Redeclaring text symbol \textreferencemark (encoding TS1) on input line 185.
LaTeX Encoding Info:    Redeclaring text symbol \textonesuperior (encoding TS1) on input line 186.
LaTeX Encoding Info:    Redeclaring text symbol \textordmasculine (encoding TS1) on input line 187.
LaTeX Encoding Info:    Redeclaring text symbol \textsurd (encoding TS1) on input line 188.
LaTeX Encoding Info:    Redeclaring text symbol \textonequarter (encoding TS1) on input line 189.
LaTeX Encoding Info:    Redeclaring text symbol \textonehalf (encoding TS1) on input line 190.
LaTeX Encoding Info:    Redeclaring text symbol \textthreequarters (encoding TS1) on input line 191.
LaTeX Encoding Info:    Redeclaring text symbol \texteuro (encoding TS1) on input line 192.
LaTeX Encoding Info:    Redeclaring text symbol \texttimes (encoding TS1) on input line 193.
LaTeX Encoding Info:    Redeclaring text symbol \textdiv (encoding TS1) on input line 194.
))
\g__um_fam_int=\count306
\g__um_fonts_used_int=\count307
\l__um_primecount_int=\count308
\g__um_primekern_muskip=\muskip18
(c:/Users/fredv/AppData/Roaming/TinyTeX/texmf-dist/tex/latex/unicode-math/unicode-math-table.tex))) (c:/Users/fredv/AppData/Roaming/TinyTeX/texmf-dist/tex/latex/lm/lmodern.sty
Package: lmodern 2015/05/01 v1.6.1 Latin Modern Fonts
LaTeX Font Info:    Overwriting symbol font `operators' in version `normal'
(Font)                  OT1/cmr/m/n --> OT1/lmr/m/n on input line 22.
LaTeX Font Info:    Overwriting symbol font `letters' in version `normal'
(Font)                  OML/cmm/m/it --> OML/lmm/m/it on input line 23.
LaTeX Font Info:    Overwriting symbol font `symbols' in version `normal'
(Font)                  OMS/cmsy/m/n --> OMS/lmsy/m/n on input line 24.
LaTeX Font Info:    Overwriting symbol font `largesymbols' in version `normal'
(Font)                  OMX/cmex/m/n --> OMX/lmex/m/n on input line 25.
LaTeX Font Info:    Overwriting symbol font `operators' in version `bold'
(Font)                  OT1/cmr/bx/n --> OT1/lmr/bx/n on input line 26.
LaTeX Font Info:    Overwriting symbol font `letters' in version `bold'
(Font)                  OML/cmm/b/it --> OML/lmm/b/it on input line 27.
LaTeX Font Info:    Overwriting symbol font `symbols' in version `bold'
(Font)                  OMS/cmsy/b/n --> OMS/lmsy/b/n on input line 28.
LaTeX Font Info:    Overwriting symbol font `largesymbols' in version `bold'
(Font)                  OMX/cmex/m/n --> OMX/lmex/m/n on input line 29.
LaTeX Font Info:    Overwriting math alphabet `\mathbf' in version `normal'
(Font)                  OT1/cmr/bx/n --> OT1/lmr/bx/n on input line 31.
LaTeX Font Info:    Overwriting math alphabet `\mathsf' in version `normal'
(Font)                  OT1/cmss/m/n --> OT1/lmss/m/n on input line 32.
LaTeX Font Info:    Overwriting math alphabet `\mathit' in version `normal'
(Font)                  OT1/cmr/m/it --> OT1/lmr/m/it on input line 33.
LaTeX Font Info:    Overwriting math alphabet `\mathtt' in version `normal'
(Font)                  OT1/cmtt/m/n --> OT1/lmtt/m/n on input line 34.
LaTeX Font Info:    Overwriting math alphabet `\mathbf' in version `bold'
(Font)                  OT1/cmr/bx/n --> OT1/lmr/bx/n on input line 35.
LaTeX Font Info:    Overwriting math alphabet `\mathsf' in version `bold'
(Font)                  OT1/cmss/bx/n --> OT1/lmss/bx/n on input line 36.
LaTeX Font Info:    Overwriting math alphabet `\mathit' in version `bold'
(Font)                  OT1/cmr/bx/it --> OT1/lmr/bx/it on input line 37.
LaTeX Font Info:    Overwriting math alphabet `\mathtt' in version `bold'
(Font)                  OT1/cmtt/m/n --> OT1/lmtt/m/n on input line 38.
) (c:/Users/fredv/AppData/Roaming/TinyTeX/texmf-dist/tex/latex/upquote/upquote.sty
Package: upquote 2012/04/19 v1.3 upright-quote and grave-accent glyphs in verbatim
(c:/Users/fredv/AppData/Roaming/TinyTeX/texmf-dist/tex/latex/base/textcomp.sty
Package: textcomp 2024/04/24 v2.1b Standard LaTeX package
)) (c:/Users/fredv/AppData/Roaming/TinyTeX/texmf-dist/tex/latex/microtype/microtype.sty
Package: microtype 2026/03/01 v3.2d Micro-typographical refinements (RS)
(c:/Users/fredv/AppData/Roaming/TinyTeX/texmf-dist/tex/latex/graphics/keyval.sty
Package: keyval 2022/05/29 v1.15 key=value parser (DPC)
\KV@toks@=\toks22
) (c:/Users/fredv/AppData/Roaming/TinyTeX/texmf-dist/tex/latex/etoolbox/etoolbox.sty
Package: etoolbox 2025/10/02 v2.5m e-TeX tools for LaTeX (JAW)
\etb@tempcnta=\count309
)
\MT@toks=\toks23
\MT@tempbox=\box55
\MT@count=\count310
LaTeX Info: Redefining \noprotrusionifhmode on input line 1084.
LaTeX Info: Redefining \leftprotrusion on input line 1085.
\MT@prot@toks=\toks24
LaTeX Info: Redefining \rightprotrusion on input line 1104.
LaTeX Info: Redefining \textls on input line 1449.
\MT@outer@kern=\dimen161
LaTeX Info: Redefining \microtypecontext on input line 2053.
LaTeX Info: Redefining \textmicrotypecontext on input line 2070.
\MT@listname@count=\count311
(c:/Users/fredv/AppData/Roaming/TinyTeX/texmf-dist/tex/latex/microtype/microtype-xetex.def
File: microtype-xetex.def 2026/03/01 v3.2d Definitions specific to xetex (RS)
LaTeX Info: Redefining \lsstyle on input line 443.
LaTeX Info: Redefining \lslig on input line 451.
\MT@outer@space=\skip54
)
Package microtype Info: Loading configuration file microtype.cfg.
(c:/Users/fredv/AppData/Roaming/TinyTeX/texmf-dist/tex/latex/microtype/microtype.cfg
File: microtype.cfg 2026/03/01 v3.2d microtype main configuration file (RS)
)
LaTeX Info: Redefining \microtypesetup on input line 3065.
) (c:/Users/fredv/AppData/Roaming/TinyTeX/texmf-dist/tex/latex/parskip/parskip.sty
Package: parskip 2021-03-14 v2.0h non-zero parskip adjustments
(c:/Users/fredv/AppData/Roaming/TinyTeX/texmf-dist/tex/latex/kvoptions/kvoptions.sty
Package: kvoptions 2022-06-15 v3.15 Key value format for package options (HO)
(c:/Users/fredv/AppData/Roaming/TinyTeX/texmf-dist/tex/generic/ltxcmds/ltxcmds.sty
Package: ltxcmds 2023-12-04 v1.26 LaTeX kernel commands for general use (HO)
) (c:/Users/fredv/AppData/Roaming/TinyTeX/texmf-dist/tex/latex/kvsetkeys/kvsetkeys.sty
Package: kvsetkeys 2022-10-05 v1.19 Key value parser (HO)
))) (c:/Users/fredv/AppData/Roaming/TinyTeX/texmf-dist/tex/latex/fancyvrb/fancyvrb.sty
Package: fancyvrb 2025/07/28 4.6 verbatim text (tvz,hv)
\FV@CodeLineNo=\count312
\FV@InFile=\read2
\FV@TabBox=\box56
\c@FancyVerbLine=\count313
\FV@StepNumber=\count314
\FV@OutFile=\write3
) (c:/Users/fredv/AppData/Roaming/TinyTeX/texmf-dist/tex/latex/framed/framed.sty
Package: framed 2011/10/22 v 0.96: framed or shaded text with page breaks
\OuterFrameSep=\skip55
\fb@frw=\dimen162
\fb@frh=\dimen163
\FrameRule=\dimen164
\FrameSep=\dimen165
) (c:/Users/fredv/AppData/Roaming/TinyTeX/texmf-dist/tex/latex/tools/longtable.sty
Package: longtable 2025-10-13 v4.24 Multi-page Table package (DPC)
\LTleft=\skip56
\LTright=\skip57
\LTpre=\skip58
\LTpost=\skip59
\LTchunksize=\count315
\LTcapwidth=\dimen166
\LT@head=\box57
\LT@firsthead=\box58
\LT@foot=\box59
\LT@lastfoot=\box60
\LT@gbox=\box61
\LT@cols=\count316
\LT@rows=\count317
\c@LT@tables=\count318
\c@LT@chunks=\count319
\LT@p@ftn=\toks25
) (c:/Users/fredv/AppData/Roaming/TinyTeX/texmf-dist/tex/latex/booktabs/booktabs.sty
Package: booktabs 2020/01/12 v1.61803398 Publication quality tables
\heavyrulewidth=\dimen167
\lightrulewidth=\dimen168
\cmidrulewidth=\dimen169
\belowrulesep=\dimen170
\belowbottomsep=\dimen171
\aboverulesep=\dimen172
\abovetopsep=\dimen173
\cmidrulesep=\dimen174
\cmidrulekern=\dimen175
\defaultaddspace=\dimen176
\@cmidla=\count320
\@cmidlb=\count321
\@aboverulesep=\dimen177
\@belowrulesep=\dimen178
\@thisruleclass=\count322
\@lastruleclass=\count323
\@thisrulewidth=\dimen179
) (c:/Users/fredv/AppData/Roaming/TinyTeX/texmf-dist/tex/latex/tools/array.sty
Package: array 2025/09/25 v2.6n Tabular extension package (FMi)
\col@sep=\dimen180
\ar@mcellbox=\box62
\extrarowheight=\dimen181
\NC@list=\toks26
\extratabsurround=\skip60
\backup@length=\skip61
\ar@cellbox=\box63
) (c:/Users/fredv/AppData/Roaming/TinyTeX/texmf-dist/tex/latex/tools/calc.sty
Package: calc 2025/03/01 v4.3b Infix arithmetic (KKT,FJ)
\calc@Acount=\count324
\calc@Bcount=\count325
\calc@Adimen=\dimen182
\calc@Bdimen=\dimen183
\calc@Askip=\skip62
\calc@Bskip=\skip63
LaTeX Info: Redefining \setlength on input line 86.
LaTeX Info: Redefining \addtolength on input line 87.
\calc@Ccount=\count326
\calc@Cskip=\skip64
) (c:/Users/fredv/AppData/Roaming/TinyTeX/texmf-dist/tex/latex/mdwtools/footnote.sty
Package: footnote 1997/01/28 1.13 Save footnotes around boxes
\fn@notes=\box64
\fn@width=\dimen184
) (c:/Users/fredv/AppData/Roaming/TinyTeX/texmf-dist/tex/latex/graphics/graphicx.sty
Package: graphicx 2024/12/31 v1.2e Enhanced LaTeX Graphics (DPC,SPQR)
(c:/Users/fredv/AppData/Roaming/TinyTeX/texmf-dist/tex/latex/graphics/graphics.sty
Package: graphics 2024/08/06 v1.4g Standard LaTeX Graphics (DPC,SPQR)
(c:/Users/fredv/AppData/Roaming/TinyTeX/texmf-dist/tex/latex/graphics/trig.sty
Package: trig 2023/12/02 v1.11 sin cos tan (DPC)
) (c:/Users/fredv/AppData/Roaming/TinyTeX/texmf-dist/tex/latex/graphics-cfg/graphics.cfg
File: graphics.cfg 2016/06/04 v1.11 sample graphics configuration
)
Package graphics Info: Driver file: xetex.def on input line 106.
)
\Gin@req@height=\dimen185
\Gin@req@width=\dimen186
)
\pandoc@box=\box65
(c:/Users/fredv/AppData/Roaming/TinyTeX/texmf-dist/tex/latex/bookmark/bookmark.sty
Package: bookmark 2023-12-10 v1.31 PDF bookmarks (HO)
(c:/Users/fredv/AppData/Roaming/TinyTeX/texmf-dist/tex/latex/hyperref/hyperref.sty
Package: hyperref 2026-01-29 v7.01p Hypertext links for LaTeX
(c:/Users/fredv/AppData/Roaming/TinyTeX/texmf-dist/tex/generic/kvdefinekeys/kvdefinekeys.sty
Package: kvdefinekeys 2019-12-19 v1.6 Define keys (HO)
) (c:/Users/fredv/AppData/Roaming/TinyTeX/texmf-dist/tex/generic/pdfescape/pdfescape.sty
Package: pdfescape 2019/12/09 v1.15 Implements pdfTeX's escape features (HO)
(c:/Users/fredv/AppData/Roaming/TinyTeX/texmf-dist/tex/generic/pdftexcmds/pdftexcmds.sty
Package: pdftexcmds 2020-06-27 v0.33 Utility functions of pdfTeX for LuaTeX (HO)
(c:/Users/fredv/AppData/Roaming/TinyTeX/texmf-dist/tex/generic/infwarerr/infwarerr.sty
Package: infwarerr 2019/12/03 v1.5 Providing info/warning/error messages (HO)
)
Package pdftexcmds Info: \pdf@primitive is available.
Package pdftexcmds Info: \pdf@ifprimitive is available.
Package pdftexcmds Info: \pdfdraftmode not found.
)) (c:/Users/fredv/AppData/Roaming/TinyTeX/texmf-dist/tex/latex/hycolor/hycolor.sty
Package: hycolor 2020-01-27 v1.10 Color options for hyperref/bookmark (HO)
) (c:/Users/fredv/AppData/Roaming/TinyTeX/texmf-dist/tex/latex/hyperref/nameref.sty
Package: nameref 2026-01-29 v2.58 Cross-referencing by name of section
(c:/Users/fredv/AppData/Roaming/TinyTeX/texmf-dist/tex/latex/refcount/refcount.sty
Package: refcount 2019/12/15 v3.6 Data extraction from label references (HO)
) (c:/Users/fredv/AppData/Roaming/TinyTeX/texmf-dist/tex/generic/gettitlestring/gettitlestring.sty
Package: gettitlestring 2019/12/15 v1.6 Cleanup title references (HO)
)
\c@section@level=\count327
) (c:/Users/fredv/AppData/Roaming/TinyTeX/texmf-dist/tex/generic/stringenc/stringenc.sty
Package: stringenc 2019/11/29 v1.12 Convert strings between diff. encodings (HO)
)
\@linkdim=\dimen187
\Hy@linkcounter=\count328
\Hy@pagecounter=\count329
(c:/Users/fredv/AppData/Roaming/TinyTeX/texmf-dist/tex/latex/hyperref/pd1enc.def
File: pd1enc.def 2026-01-29 v7.01p Hyperref: PDFDocEncoding definition (HO)
) (c:/Users/fredv/AppData/Roaming/TinyTeX/texmf-dist/tex/generic/intcalc/intcalc.sty
Package: intcalc 2019/12/15 v1.3 Expandable calculations with integers (HO)
)
\Hy@SavedSpaceFactor=\count330
(c:/Users/fredv/AppData/Roaming/TinyTeX/texmf-dist/tex/latex/hyperref/puenc.def
File: puenc.def 2026-01-29 v7.01p Hyperref: PDF Unicode definition (HO)
)
Package hyperref Info: Option `unicode' set `true' on input line 4072.
Package hyperref Info: Hyper figures OFF on input line 4201.
Package hyperref Info: Link nesting OFF on input line 4206.
Package hyperref Info: Hyper index ON on input line 4209.
Package hyperref Info: Plain pages OFF on input line 4216.
Package hyperref Info: Backreferencing OFF on input line 4221.
Package hyperref Info: Implicit mode ON; LaTeX internals redefined.
Package hyperref Info: Bookmarks ON on input line 4468.
\c@Hy@tempcnt=\count331
(c:/Users/fredv/AppData/Roaming/TinyTeX/texmf-dist/tex/latex/url/url.sty
\Urlmuskip=\muskip19
Package: url 2013/09/16  ver 3.4  Verb mode for urls, etc.
)
LaTeX Info: Redefining \url on input line 4807.
\XeTeXLinkMargin=\dimen188
(c:/Users/fredv/AppData/Roaming/TinyTeX/texmf-dist/tex/generic/bitset/bitset.sty
Package: bitset 2019/12/09 v1.3 Handle bit-vector datatype (HO)
(c:/Users/fredv/AppData/Roaming/TinyTeX/texmf-dist/tex/generic/bigintcalc/bigintcalc.sty
Package: bigintcalc 2019/12/15 v1.5 Expandable calculations on big integers (HO)
))
\Fld@menulength=\count332
\Field@Width=\dimen189
\Fld@charsize=\dimen190
Package hyperref Info: Hyper figures OFF on input line 6084.
Package hyperref Info: Link nesting OFF on input line 6089.
Package hyperref Info: Hyper index ON on input line 6092.
Package hyperref Info: backreferencing OFF on input line 6099.
Package hyperref Info: Link coloring OFF on input line 6104.
Package hyperref Info: Link coloring with OCG OFF on input line 6109.
Package hyperref Info: PDF/A mode OFF on input line 6114.
\Hy@abspage=\count333
\c@Item=\count334
\c@Hfootnote=\count335
)
Package hyperref Info: Driver (autodetected): hxetex.
(c:/Users/fredv/AppData/Roaming/TinyTeX/texmf-dist/tex/latex/hyperref/hxetex.def
File: hxetex.def 2026-01-29 v7.01p Hyperref driver for XeTeX
\pdfm@box=\box66
\c@Hy@AnnotLevel=\count336
\HyField@AnnotCount=\count337
\Fld@listcount=\count338
\c@bookmark@seq@number=\count339
(c:/Users/fredv/AppData/Roaming/TinyTeX/texmf-dist/tex/latex/rerunfilecheck/rerunfilecheck.sty
Package: rerunfilecheck 2025-06-21 v1.11 Rerun checks for auxiliary files (HO)
(c:/Users/fredv/AppData/Roaming/TinyTeX/texmf-dist/tex/generic/uniquecounter/uniquecounter.sty
Package: uniquecounter 2019/12/15 v1.4 Provide unlimited unique counter (HO)
)
Package uniquecounter Info: New unique counter `rerunfilecheck' on input line 284.
)
\Hy@SectionHShift=\skip65
) (c:/Users/fredv/AppData/Roaming/TinyTeX/texmf-dist/tex/latex/bookmark/bkm-dvipdfm.def
File: bkm-dvipdfm.def 2023-12-10 v1.31 bookmark driver for dvipdfm (HO)
\BKM@id=\count340
)) (./nns-book.aux)
\openout1 = `nns-book.aux'.

LaTeX Font Info:    Checking defaults for OML/cmm/m/it on input line 120.
LaTeX Font Info:    ... okay on input line 120.
LaTeX Font Info:    Checking defaults for OMS/cmsy/m/n on input line 120.
LaTeX Font Info:    ... okay on input line 120.
LaTeX Font Info:    Checking defaults for OT1/cmr/m/n on input line 120.
LaTeX Font Info:    ... okay on input line 120.
LaTeX Font Info:    Checking defaults for T1/cmr/m/n on input line 120.
LaTeX Font Info:    ... okay on input line 120.
LaTeX Font Info:    Checking defaults for TS1/cmr/m/n on input line 120.
LaTeX Font Info:    ... okay on input line 120.
LaTeX Font Info:    Checking defaults for TU/lmr/m/n on input line 120.
LaTeX Font Info:    ... okay on input line 120.
LaTeX Font Info:    Checking defaults for OMX/cmex/m/n on input line 120.
LaTeX Font Info:    ... okay on input line 120.
LaTeX Font Info:    Checking defaults for U/cmr/m/n on input line 120.
LaTeX Font Info:    ... okay on input line 120.
LaTeX Font Info:    Checking defaults for PD1/pdf/m/n on input line 120.
LaTeX Font Info:    ... okay on input line 120.
LaTeX Font Info:    Checking defaults for PU/pdf/m/n on input line 120.
LaTeX Font Info:    ... okay on input line 120.
LaTeX Font Info:    Overwriting math alphabet `\mathrm' in version `normal'
(Font)                  OT1/lmr/m/n --> TU/lmr/m/n on input line 120.
LaTeX Font Info:    Overwriting math alphabet `\mathit' in version `normal'
(Font)                  OT1/lmr/m/it --> TU/lmr/m/it on input line 120.
LaTeX Font Info:    Overwriting math alphabet `\mathbf' in version `normal'
(Font)                  OT1/lmr/bx/n --> TU/lmr/bx/n on input line 120.
LaTeX Font Info:    Overwriting math alphabet `\mathsf' in version `normal'
(Font)                  OT1/lmss/m/n --> TU/lmss/m/n on input line 120.
LaTeX Font Info:    Overwriting math alphabet `\mathsf' in version `bold'
(Font)                  OT1/lmss/bx/n --> TU/lmss/bx/n on input line 120.
LaTeX Font Info:    Overwriting math alphabet `\mathtt' in version `normal'
(Font)                  OT1/lmtt/m/n --> TU/lmtt/m/n on input line 120.
LaTeX Font Info:    Overwriting math alphabet `\mathtt' in version `bold'
(Font)                  OT1/lmtt/m/n --> TU/lmtt/bx/n on input line 120.

Package fontspec Info: 
(fontspec)             latinmodern-math scale = 0.9999964596882403.


Package fontspec Info: 
(fontspec)             latinmodern-math scale = 0.9999964596882403.


Package fontspec Info: 
(fontspec)             latinmodern-math scale = 0.9999964596882403.


Package fontspec Info: 
(fontspec)             Font family 'latinmodern-math.otf(0)' created for font
(fontspec)             'latinmodern-math.otf' with options
(fontspec)             [Scale=MatchLowercase,BoldItalicFont={},ItalicFont={},SmallCapsFont={},Script=Math,BoldFont={latinmodern-math.otf}].
(fontspec)              
(fontspec)              This font family consists of the following NFSS
(fontspec)             series/shapes:
(fontspec)              
(fontspec)             - 'normal' (m/n) with NFSS spec.:
(fontspec)             <->s*[0.9999964596882403]"[latinmodern-math.otf]/OT:script=math;language=dflt;"
(fontspec)             - 'bold' (b/n) with NFSS spec.:
(fontspec)             <->s*[0.9999964596882403]"[latinmodern-math.otf]/OT:script=math;language=dflt;"

LaTeX Font Info:    Font shape `TU/latinmodern-math.otf(0)/m/n' will be
(Font)              scaled to size 10.0pt on input line 120.

Package fontspec Info: 
(fontspec)             latinmodern-math scale = 0.9999964596882403.


Package fontspec Info: 
(fontspec)             latinmodern-math scale = 0.9999964596882403.


Package fontspec Info: 
(fontspec)             latinmodern-math scale = 0.9999964596882403.


Package fontspec Info: 
(fontspec)             latinmodern-math scale = 0.9999964596882403.


Package fontspec Info: 
(fontspec)             latinmodern-math scale = 0.9999964596882403.


Package fontspec Info: 
(fontspec)             Font family 'latinmodern-math.otf(1)' created for font
(fontspec)             'latinmodern-math.otf' with options
(fontspec)             [Scale=MatchLowercase,BoldItalicFont={},ItalicFont={},SmallCapsFont={},Script=Math,SizeFeatures={{Size=8.5-},{Size=6-8.5,Font=latinmodern-math.otf,Style=MathScript},{Size=-6,Font=latinmodern-math.otf,Style=MathScriptScript}},BoldFont={latinmodern-math.otf}].
(fontspec)              
(fontspec)              This font family consists of the following NFSS
(fontspec)             series/shapes:
(fontspec)              
(fontspec)             - 'normal' (m/n) with NFSS spec.:
(fontspec)             <8.5->s*[0.9999964596882403]"[latinmodern-math.otf]/OT:script=math;language=dflt;"<6-8.5>s*[0.9999964596882403]"[latinmodern-math.otf]/OT:script=math;language=dflt;+ssty=0;"<-6>s*[0.9999964596882403]"[latinmodern-math.otf]/OT:script=math;language=dflt;+ssty=1;"
(fontspec)             - 'bold' (b/n) with NFSS spec.:
(fontspec)             <->s*[0.9999964596882403]"[latinmodern-math.otf]/OT:script=math;language=dflt;"

LaTeX Font Info:    Font shape `TU/latinmodern-math.otf(1)/m/n' will be
(Font)              scaled to size 10.0pt on input line 120.
LaTeX Font Info:    Encoding `OT1' has changed to `TU' for symbol font
(Font)              `operators' in the math version `normal' on input line 120.
LaTeX Font Info:    Overwriting symbol font `operators' in version `normal'
(Font)                  OT1/lmr/m/n --> TU/latinmodern-math.otf(1)/m/n on input line 120.
LaTeX Font Info:    Encoding `OT1' has changed to `TU' for symbol font
(Font)              `operators' in the math version `bold' on input line 120.
LaTeX Font Info:    Overwriting symbol font `operators' in version `bold'
(Font)                  OT1/lmr/bx/n --> TU/latinmodern-math.otf(1)/b/n on input line 120.

Package fontspec Info: 
(fontspec)             latinmodern-math scale = 0.9999964596882403.


Package fontspec Info: 
(fontspec)             latinmodern-math scale = 1.000096459334209.


Package fontspec Info: 
(fontspec)             latinmodern-math scale = 0.9999964596882403.


Package fontspec Info: 
(fontspec)             latinmodern-math scale = 1.000096459334209.


Package fontspec Info: 
(fontspec)             latinmodern-math scale = 0.9999964596882403.


Package fontspec Info: 
(fontspec)             latinmodern-math scale = 1.000096459334209.


Package fontspec Info: 
(fontspec)             latinmodern-math scale = 0.9999964596882403.


Package fontspec Info: 
(fontspec)             latinmodern-math scale = 1.000096459334209.


Package fontspec Info: 
(fontspec)             latinmodern-math scale = 0.9999964596882403.


Package fontspec Info: 
(fontspec)             latinmodern-math scale = 1.000096459334209.


Package fontspec Info: 
(fontspec)             Font family 'latinmodern-math.otf(2)' created for font
(fontspec)             'latinmodern-math.otf' with options
(fontspec)             [Scale=MatchLowercase,BoldItalicFont={},ItalicFont={},SmallCapsFont={},Script=Math,SizeFeatures={{Size=8.5-},{Size=6-8.5,Font=latinmodern-math.otf,Style=MathScript},{Size=-6,Font=latinmodern-math.otf,Style=MathScriptScript}},BoldFont={latinmodern-math.otf},ScaleAgain=1.0001,FontAdjustment={\fontdimen
(fontspec)             8\font =6.77pt\relax \fontdimen 9\font =3.94pt\relax
(fontspec)             \fontdimen 10\font =4.44pt\relax \fontdimen 11\font
(fontspec)             =6.86pt\relax \fontdimen 12\font =3.45pt\relax
(fontspec)             \fontdimen 13\font =3.63pt\relax \fontdimen 14\font
(fontspec)             =3.63pt\relax \fontdimen 15\font =2.89pt\relax
(fontspec)             \fontdimen 16\font =2.47pt\relax \fontdimen 17\font
(fontspec)             =2.47pt\relax \fontdimen 18\font =2.5pt\relax
(fontspec)             \fontdimen 19\font =2.0pt\relax \fontdimen 22\font
(fontspec)             =2.5pt\relax \fontdimen 20\font =0pt\relax \fontdimen
(fontspec)             21\font =0pt\relax }].
(fontspec)              
(fontspec)              This font family consists of the following NFSS
(fontspec)             series/shapes:
(fontspec)              
(fontspec)             - 'normal' (m/n) with NFSS spec.:
(fontspec)             <8.5->s*[1.000096459334209]"[latinmodern-math.otf]/OT:script=math;language=dflt;"<6-8.5>s*[1.000096459334209]"[latinmodern-math.otf]/OT:script=math;language=dflt;+ssty=0;"<-6>s*[1.000096459334209]"[latinmodern-math.otf]/OT:script=math;language=dflt;+ssty=1;"
(fontspec)             - 'bold' (b/n) with NFSS spec.:
(fontspec)             <->s*[1.000096459334209]"[latinmodern-math.otf]/OT:script=math;language=dflt;"

LaTeX Font Info:    Encoding `OMS' has changed to `TU' for symbol font
(Font)              `symbols' in the math version `normal' on input line 120.
LaTeX Font Info:    Overwriting symbol font `symbols' in version `normal'
(Font)                  OMS/lmsy/m/n --> TU/latinmodern-math.otf(2)/m/n on input line 120.
LaTeX Font Info:    Encoding `OMS' has changed to `TU' for symbol font
(Font)              `symbols' in the math version `bold' on input line 120.
LaTeX Font Info:    Overwriting symbol font `symbols' in version `bold'
(Font)                  OMS/lmsy/b/n --> TU/latinmodern-math.otf(2)/b/n on input line 120.

Package fontspec Info: 
(fontspec)             latinmodern-math scale = 0.9999964596882403.


Package fontspec Info: 
(fontspec)             latinmodern-math scale = 0.9998964600422715.


Package fontspec Info: 
(fontspec)             latinmodern-math scale = 0.9999964596882403.


Package fontspec Info: 
(fontspec)             latinmodern-math scale = 0.9998964600422715.


Package fontspec Info: 
(fontspec)             latinmodern-math scale = 0.9999964596882403.


Package fontspec Info: 
(fontspec)             latinmodern-math scale = 0.9998964600422715.


Package fontspec Info: 
(fontspec)             latinmodern-math scale = 0.9999964596882403.


Package fontspec Info: 
(fontspec)             latinmodern-math scale = 0.9998964600422715.


Package fontspec Info: 
(fontspec)             latinmodern-math scale = 0.9999964596882403.


Package fontspec Info: 
(fontspec)             latinmodern-math scale = 0.9998964600422715.


Package fontspec Info: 
(fontspec)             Font family 'latinmodern-math.otf(3)' created for font
(fontspec)             'latinmodern-math.otf' with options
(fontspec)             [Scale=MatchLowercase,BoldItalicFont={},ItalicFont={},SmallCapsFont={},Script=Math,SizeFeatures={{Size=8.5-},{Size=6-8.5,Font=latinmodern-math.otf,Style=MathScript},{Size=-6,Font=latinmodern-math.otf,Style=MathScriptScript}},BoldFont={latinmodern-math.otf},ScaleAgain=0.9999,FontAdjustment={\fontdimen
(fontspec)             8\font =0.4pt\relax \fontdimen 9\font =2.0pt\relax
(fontspec)             \fontdimen 10\font =1.67pt\relax \fontdimen 11\font
(fontspec)             =1.11pt\relax \fontdimen 12\font =6.0pt\relax
(fontspec)             \fontdimen 13\font =0pt\relax }].
(fontspec)              
(fontspec)              This font family consists of the following NFSS
(fontspec)             series/shapes:
(fontspec)              
(fontspec)             - 'normal' (m/n) with NFSS spec.:
(fontspec)             <8.5->s*[0.9998964600422715]"[latinmodern-math.otf]/OT:script=math;language=dflt;"<6-8.5>s*[0.9998964600422715]"[latinmodern-math.otf]/OT:script=math;language=dflt;+ssty=0;"<-6>s*[0.9998964600422715]"[latinmodern-math.otf]/OT:script=math;language=dflt;+ssty=1;"
(fontspec)             - 'bold' (b/n) with NFSS spec.:
(fontspec)             <->s*[0.9998964600422715]"[latinmodern-math.otf]/OT:script=math;language=dflt;"

LaTeX Font Info:    Encoding `OMX' has changed to `TU' for symbol font
(Font)              `largesymbols' in the math version `normal' on input line 120.
LaTeX Font Info:    Overwriting symbol font `largesymbols' in version `normal'
(Font)                  OMX/lmex/m/n --> TU/latinmodern-math.otf(3)/m/n on input line 120.
LaTeX Font Info:    Encoding `OMX' has changed to `TU' for symbol font
(Font)              `largesymbols' in the math version `bold' on input line 120.
LaTeX Font Info:    Overwriting symbol font `largesymbols' in version `bold'
(Font)                  OMX/lmex/m/n --> TU/latinmodern-math.otf(3)/b/n on input line 120.
LaTeX Info: Redefining \microtypecontext on input line 120.
Package microtype Info: Applying patch `item' on input line 120.
Package microtype Info: Applying patch `toc' on input line 120.
Package microtype Info: Applying patch `eqnum' on input line 120.
Package microtype Info: Applying patch `footnote' on input line 120.
Package microtype Info: Applying patch `verbatim' on input line 120.
LaTeX Info: Redefining \microtypesetup on input line 120.
Package microtype Info: Character protrusion enabled (level 2).
Package microtype Info: Using protrusion set `basicmath'.
Package microtype Info: No adjustment of tracking.
Package microtype Info: No adjustment of spacing.
Package microtype Info: No adjustment of kerning.
(c:/Users/fredv/AppData/Roaming/TinyTeX/texmf-dist/tex/latex/microtype/mt-LatinModernRoman.cfg
File: mt-LatinModernRoman.cfg 2026/02/26 v1.2 microtype config. file: Latin Modern Roman (RS)
)
Package hyperref Info: Link coloring OFF on input line 120.
LaTeX Font Info:    Font shape `TU/latinmodern-math.otf(1)/m/n' will be
(Font)              scaled to size 12.0pt on input line 122.
LaTeX Font Info:    Font shape `TU/latinmodern-math.otf(1)/m/n' will be
(Font)              scaled to size 8.0pt on input line 122.
LaTeX Font Info:    Font shape `TU/latinmodern-math.otf(1)/m/n' will be
(Font)              scaled to size 6.0pt on input line 122.
LaTeX Font Info:    Trying to load font information for OML+lmm on input line 122.
(c:/Users/fredv/AppData/Roaming/TinyTeX/texmf-dist/tex/latex/lm/omllmm.fd
File: omllmm.fd 2015/05/01 v1.6.1 Font defs for Latin Modern
)
LaTeX Font Info:    Font shape `TU/latinmodern-math.otf(2)/m/n' will be
(Font)              scaled to size 12.0011pt on input line 122.
LaTeX Font Info:    Font shape `TU/latinmodern-math.otf(2)/m/n' will be
(Font)              scaled to size 8.00073pt on input line 122.
LaTeX Font Info:    Font shape `TU/latinmodern-math.otf(2)/m/n' will be
(Font)              scaled to size 6.00055pt on input line 122.
LaTeX Font Info:    Font shape `TU/latinmodern-math.otf(3)/m/n' will be
(Font)              scaled to size 11.99872pt on input line 122.
LaTeX Font Info:    Font shape `TU/latinmodern-math.otf(3)/m/n' will be
(Font)              scaled to size 7.99915pt on input line 122.
LaTeX Font Info:    Font shape `TU/latinmodern-math.otf(3)/m/n' will be
(Font)              scaled to size 5.99936pt on input line 122.
LaTeX Font Info:    Trying to load font information for U+msa on input line 122.
(c:/Users/fredv/AppData/Roaming/TinyTeX/texmf-dist/tex/latex/amsfonts/umsa.fd
File: umsa.fd 2013/01/14 v3.01 AMS symbols A
) (c:/Users/fredv/AppData/Roaming/TinyTeX/texmf-dist/tex/latex/microtype/mt-msa.cfg
File: mt-msa.cfg 2006/02/04 v1.1 microtype config. file: AMS symbols (a) (RS)
)
LaTeX Font Info:    Trying to load font information for U+msb on input line 122.
(c:/Users/fredv/AppData/Roaming/TinyTeX/texmf-dist/tex/latex/amsfonts/umsb.fd
File: umsb.fd 2013/01/14 v3.01 AMS symbols B
) (c:/Users/fredv/AppData/Roaming/TinyTeX/texmf-dist/tex/latex/microtype/mt-msb.cfg
File: mt-msb.cfg 2005/06/01 v1.0 microtype config. file: AMS symbols (b) (RS)
) [1


] [2

] (./nns-book.toc
LaTeX Font Info:    Font shape `TU/latinmodern-math.otf(1)/m/n' will be
(Font)              scaled to size 7.0pt on input line 2.
LaTeX Font Info:    Font shape `TU/latinmodern-math.otf(1)/m/n' will be
(Font)              scaled to size 5.0pt on input line 2.
LaTeX Font Info:    Font shape `TU/latinmodern-math.otf(2)/m/n' will be
(Font)              scaled to size 10.00092pt on input line 2.
LaTeX Font Info:    Font shape `TU/latinmodern-math.otf(2)/m/n' will be
(Font)              scaled to size 7.00064pt on input line 2.
LaTeX Font Info:    Font shape `TU/latinmodern-math.otf(2)/m/n' will be
(Font)              scaled to size 5.00046pt on input line 2.
LaTeX Font Info:    Font shape `TU/latinmodern-math.otf(3)/m/n' will be
(Font)              scaled to size 9.99893pt on input line 2.
LaTeX Font Info:    Font shape `TU/latinmodern-math.otf(3)/m/n' will be
(Font)              scaled to size 6.99925pt on input line 2.
LaTeX Font Info:    Font shape `TU/latinmodern-math.otf(3)/m/n' will be
(Font)              scaled to size 4.99947pt on input line 2.
[3] [4] [5] [6] [7] [8] [9] [10])
\tf@toc=\write4
\openout4 = `nns-book.toc'.

[11] [12

] [13]
Underfull \hbox (badness 10000) in paragraph at lines 188--189
[][]$[][][][][] [] [] [] [][][][][][] [] [][][] [] [][][][] [][] [][][][][][][][][] [] [][][] [] [][][][] [] [][][] [][] [][][][] [][] [][][][][][][] []
 []

[14]
Chapter 1.

Underfull \vbox (badness 1014) has occurred while \output is active []

[15

] [16] [17] [18] [19] [20]
Chapter 2.
[21

] [22] [23] [24] [25] [26] [27] [28

]
Chapter 3.
[29] [30]
LaTeX Font Info:    Font shape `TU/lmtt/bx/n' in size <10> not available
(Font)              Font shape `TU/lmtt/b/n' tried instead on input line 910.
[31] [32] [33]
Underfull \hbox (badness 4144) in paragraph at lines 1067--1067
[]\TU/lmr/bx/n/12 Lower-Tail Thresholds as Degree-Zero Partial-
 []

[34] [35] [36]
Chapter 4.
[37

] [38] [39] [40] [41] [42]
Overfull \hbox (11.9321pt too wide) detected at line 1476
[] [] [] [] [][][]
 []

[43]
Overfull \hbox (73.20363pt too wide) detected at line 1514
[][]  [][]  [][]
 []

[44] [45] [46

]
Chapter 5.
[47]
Underfull \hbox (badness 10000) in paragraph at lines 1580--1582

 []


Underfull \hbox (badness 10000) in paragraph at lines 1582--1584

 []


Underfull \hbox (badness 10000) in paragraph at lines 1584--1586

 []


Overfull \hbox (7.22562pt too wide) has occurred while \output is active
\TU/lmr/m/n/10 48 \TU/lmr/m/sl/10 CHAPTER 5.  CLASSICAL MOMENTS AS DIRECTIONAL AGGREGATES
 []

[48] [49]
Overfull \hbox (7.22562pt too wide) has occurred while \output is active
\TU/lmr/m/n/10 50 \TU/lmr/m/sl/10 CHAPTER 5.  CLASSICAL MOMENTS AS DIRECTIONAL AGGREGATES
 []

[50] [51]
Overfull \hbox (7.22562pt too wide) has occurred while \output is active
\TU/lmr/m/n/10 52 \TU/lmr/m/sl/10 CHAPTER 5.  CLASSICAL MOMENTS AS DIRECTIONAL AGGREGATES
 []

[52] [53]
Overfull \hbox (7.22562pt too wide) has occurred while \output is active
\TU/lmr/m/n/10 54 \TU/lmr/m/sl/10 CHAPTER 5.  CLASSICAL MOMENTS AS DIRECTIONAL AGGREGATES
 []

[54

]
Chapter 6.

Underfull \hbox (badness 10000) in paragraph at lines 1907--1909

 []


Underfull \hbox (badness 10000) in paragraph at lines 1909--1911

 []


Underfull \hbox (badness 10000) in paragraph at lines 1911--1913

 []

[55]
Underfull \hbox (badness 10000) in paragraph at lines 1946--1948

 []

Missing character: There is no σ (U+03C3) in font [lmroman10-regular]:mapping=tex-text;!

Underfull \hbox (badness 10000) in paragraph at lines 1948--1950

 []

[56]
Underfull \hbox (badness 10000) in paragraph at lines 1996--1998

 []

[57] [58] [59] [60] [61] [62]
Chapter 7.
[63

]
Underfull \hbox (badness 10000) in paragraph at lines 2303--2305

 []

[64] [65]
Underfull \hbox (badness 10000) in paragraph at lines 2428--2430

 []

[66] [67] [68]
Underfull \hbox (badness 10000) in paragraph at lines 2588--2590

 []


Underfull \hbox (badness 10000) in paragraph at lines 2590--2592

 []


Underfull \hbox (badness 10000) in paragraph at lines 2592--2594

 []

[69] [70] [71] [72

]
Chapter 8.

Underfull \hbox (badness 10000) in paragraph at lines 2657--2659

 []

[73] [74] [75] [76] [77]
Underfull \hbox (badness 10000) in paragraph at lines 2906--2908

 []


Underfull \hbox (badness 10000) in paragraph at lines 2908--2910

 []


Overfull \hbox (27.84775pt too wide) detected at line 2921
[][][][] [] [] [] [][][][]  [][][][] [] [][][] [] [] [] [] [] [] [] [][] [] [][][][]  [][][][] [] [][][] [] [] [] [] [] [] [] [][] [] [][][][]
 []

[78] [79] [80] [81] [82

]
Chapter 9.
[83] [84] [85]
Overfull \hbox (110.8439pt too wide) detected at line 3227
[][] [] [][][][][] [] [][][] [] [][] [] [][][][][][] [] [][][][] [] [][][] [] [][][][][][] [] [][][] [] [][] [] [][][][][][][] [] [][][] [] [][][] [] [][][][][] [] [][][][][]
 []


Overfull \hbox (42.00594pt too wide) detected at line 3241
[][][][][][] [][] [] [][][][][][][][][] [][] [] [][][][][][][][][] [][] [] [][][][][][][][] [][] [] [][][][][][][][] [][][]
 []

[86] [87] [88] [89] [90]
Chapter 10.
[91

] [92] [93] [94]

LaTeX Font Warning: Font shape `TU/lmtt/bx/it' in size <10> not available
(Font)              Font shape `TU/lmtt/b/sl' tried instead on input line 3738.

[95] [96] [97] [98]
Chapter 11.
[99

]
Underfull \hbox (badness 10000) in paragraph at lines 3935--3935
[]\TU/lmr/bx/n/14.4 Directional Statistics and Probability
 []

[100]
Underfull \hbox (badness 10000) in paragraph at lines 3991--3993

 []


Underfull \hbox (badness 10000) in paragraph at lines 3993--3995

 []


Underfull \hbox (badness 10000) in paragraph at lines 3995--3997

 []

[101]
Underfull \hbox (badness 10000) in paragraph at lines 4037--4039

 []

Missing character: There is no ∎ (U+220E) in font [lmroman10-regular]:mapping=tex-text;!
[102]
Overfull \hbox (119.11453pt too wide) has occurred while \output is active
\TU/lmr/m/sl/10 11.6.  EXAMPLE: DIRECTIONAL DEPENDENCE SURFACE AND COPULA TRANSFORMATION \TU/lmr/m/n/10 103
 []

[103] [104]
Underfull \hbox (badness 10000) in paragraph at lines 4254--4256

 []


Underfull \hbox (badness 10000) in paragraph at lines 4256--4258

 []

[105]
Underfull \hbox (badness 10000) in paragraph at lines 4258--4260

 []

[106] [107] [108]
Chapter 12.
[109

]
Overfull \hbox (7.40564pt too wide) has occurred while \output is active
\TU/lmr/m/n/10 110 \TU/lmr/m/sl/10 CHAPTER 12.  CONDITIONAL PROBABILITY AND BAYES’ THEOREM
 []

[110]
Overfull \hbox (47.7826pt too wide) detected at line 4497
[][][] [] [][] [] [] [] [][][] [] [][]  [][][] [] [][] [] [] [] [][][] [] [][]
 []

[111]
Overfull \hbox (50.2826pt too wide) detected at line 4506
[][][] [] [][] [] [] [] [][][] [] [][]  [][][] [] [][] [] [] [] [][][] [] [][]
 []


Overfull \hbox (39.87259pt too wide) detected at line 4515
[][][] [] [][] [] [] [] [][][] [] [][]  [][][] [] [][] [] [] [] [][][] [] [][]
 []


Overfull \hbox (7.40564pt too wide) has occurred while \output is active
\TU/lmr/m/n/10 112 \TU/lmr/m/sl/10 CHAPTER 12.  CONDITIONAL PROBABILITY AND BAYES’ THEOREM
 []

[112] [113]
Underfull \hbox (badness 1210) in paragraph at lines 4628--4629
[]\TU/lmr/m/n/10 Bayesian updating therefore corresponds to \TU/lmr/bx/n/10 redistributing probability
 []


Overfull \hbox (7.40564pt too wide) has occurred while \output is active
\TU/lmr/m/n/10 114 \TU/lmr/m/sl/10 CHAPTER 12.  CONDITIONAL PROBABILITY AND BAYES’ THEOREM
 []

[114]
Overfull \hbox (160.23343pt too wide) has occurred while \output is active
\TU/lmr/m/sl/10 12.14.  THE DEGREE-ONE EXTENSION: CO-PARTIAL MOMENTS AS DISTRIBUTIONAL GENERATORS \TU/lmr/m/n/10 115
 []

[115]
Overfull \hbox (7.40564pt too wide) has occurred while \output is active
\TU/lmr/m/n/10 116 \TU/lmr/m/sl/10 CHAPTER 12.  CONDITIONAL PROBABILITY AND BAYES’ THEOREM
 []

[116]
Overfull \hbox (49.50218pt too wide) detected at line 4732
[][][][][] [][][] [] [] [][][][] [] [][][] [][][] [] [][][][] [] [][][] [] [][][]  [] [] [][][] [] [][][][][][] [][][][] \U/msa/m/n/10 ^^C
 []

[117]
Overfull \hbox (7.40564pt too wide) has occurred while \output is active
\TU/lmr/m/n/10 118 \TU/lmr/m/sl/10 CHAPTER 12.  CONDITIONAL PROBABILITY AND BAYES’ THEOREM
 []

[118]
Underfull \hbox (badness 1533) in paragraph at lines 4792--4794
[]\TU/lmr/bx/n/10 Bayesian updating corresponds to renormalizing the four-
 []

[119]
Overfull \hbox (7.40564pt too wide) has occurred while \output is active
\TU/lmr/m/n/10 120 \TU/lmr/m/sl/10 CHAPTER 12.  CONDITIONAL PROBABILITY AND BAYES’ THEOREM
 []

[120

]
Chapter 13.
[121] [122] [123] [124] [125] [126] [127]
Underfull \hbox (badness 2837) in paragraph at lines 5090--5091
[]\TU/lmr/m/n/10 The resulting statistic remains nonparametric, benchmark-relative, and
 []

[128]
Chapter 14.
[129

] [130] [131]
Underfull \hbox (badness 1308) in paragraph at lines 5258--5259
[]\TU/lmr/m/n/10 Within the partial-moment framework, these probabilities correspond to
 []

[132]
Underfull \hbox (badness 1082) in paragraph at lines 5288--5288
[]\TU/lmr/bx/n/12 The Discrete–Continuous CDF Distinction and
 []

[133] [134] [135]
Missing character: There is no ≤ (U+2264) in font [lmmono10-regular]:!
[136] [137] [138]
Overfull \hbox (21.71344pt too wide) has occurred while \output is active
\TU/lmr/m/sl/10 14.4.  BLOCK IV — APPLIED WORKFLOW AND PRACTICAL INFERENCE \TU/lmr/m/n/10 139
 []

[139] [140]
Overfull \hbox (21.71344pt too wide) has occurred while \output is active
\TU/lmr/m/sl/10 14.4.  BLOCK IV — APPLIED WORKFLOW AND PRACTICAL INFERENCE \TU/lmr/m/n/10 141
 []

[141] [142]
Overfull \hbox (21.71344pt too wide) has occurred while \output is active
\TU/lmr/m/sl/10 14.4.  BLOCK IV — APPLIED WORKFLOW AND PRACTICAL INFERENCE \TU/lmr/m/n/10 143
 []

[143] [144]
Overfull \hbox (21.71344pt too wide) has occurred while \output is active
\TU/lmr/m/sl/10 14.4.  BLOCK IV — APPLIED WORKFLOW AND PRACTICAL INFERENCE \TU/lmr/m/n/10 145
 []

[145]
Underfull \hbox (badness 3049) in paragraph at lines 5802--5803
\TU/lmr/m/n/10 for bias-corrected prediction intervals (\TU/lmtt/m/n/10 LPM.VaR(..., degree = 1, ...)\TU/lmr/m/n/10 ,
 []

[146]
Overfull \hbox (21.71344pt too wide) has occurred while \output is active
\TU/lmr/m/sl/10 14.4.  BLOCK IV — APPLIED WORKFLOW AND PRACTICAL INFERENCE \TU/lmr/m/n/10 147
 []

[147]

LaTeX Warning: Reference `example-dataset' on page 148 undefined on input line 5872.

[148]
Underfull \hbox (badness 3635) in paragraph at lines 5920--5922
\TU/lmr/m/n/10 one continuous CDF, producing an agreement certainty statistic
 []


Overfull \hbox (21.71344pt too wide) has occurred while \output is active
\TU/lmr/m/sl/10 14.4.  BLOCK IV — APPLIED WORKFLOW AND PRACTICAL INFERENCE \TU/lmr/m/n/10 149
 []

[149] [150]
Chapter 15.
[151

]
Underfull \hbox (badness 10000) in paragraph at lines 5995--5997

 []

[152] [153]
Underfull \hbox (badness 10000) in paragraph at lines 6064--6064
[]\TU/lmr/bx/n/14.4 Partial-Moment Quantile Functions:
 []


Underfull \vbox (badness 1189) has occurred while \output is active []

[154] [155] [156] [157] [158] [159] [160] [161] [162]
Chapter 16.
[163

]
Overfull \hbox (166.99454pt too wide) has occurred while \output is active
\TU/lmr/m/n/10 164 \TU/lmr/m/sl/10 CHAPTER 16.  DIRECTIONAL TAIL THRESHOLDS, PROBABILITY BOUNDS, AND ESTIMATION ERROR
 []

[164]
Underfull \hbox (badness 2351) in paragraph at lines 6498--6498
[]\TU/lmr/bx/n/14.4 From Frequency to Severity: Higher-
 []


Overfull \hbox (29.09453pt too wide) has occurred while \output is active
\TU/lmr/m/sl/10 16.2.  DEGREE-ZERO THRESHOLDS AND THEIR DIRECTIONAL MEANING \TU/lmr/m/n/10 165
 []

[165]
Overfull \hbox (166.99454pt too wide) has occurred while \output is active
\TU/lmr/m/n/10 166 \TU/lmr/m/sl/10 CHAPTER 16.  DIRECTIONAL TAIL THRESHOLDS, PROBABILITY BOUNDS, AND ESTIMATION ERROR
 []

[166]
Overfull \hbox (49.4621pt too wide) detected at line 6592
[] [] [] [] [][]
 []


Underfull \hbox (badness 1635) in paragraph at lines 6598--6598
[]\TU/lmr/bx/n/14.4 Severity-Weighted Thresholds as Early-
 []


Overfull \hbox (51.81563pt too wide) has occurred while \output is active
\TU/lmr/m/sl/10 16.5.  SEVERITY-WEIGHTED THRESHOLDS AS EARLY-INTERVENTION RULES \TU/lmr/m/n/10 167
 []

[167]
Overfull \hbox (166.99454pt too wide) has occurred while \output is active
\TU/lmr/m/n/10 168 \TU/lmr/m/sl/10 CHAPTER 16.  DIRECTIONAL TAIL THRESHOLDS, PROBABILITY BOUNDS, AND ESTIMATION ERROR
 []

[168]
Overfull \hbox (0.8256pt too wide) has occurred while \output is active
\TU/lmr/m/sl/10 16.8.  UTILITY, DECISION CONTEXT, AND WHY DEGREE MATTERS \TU/lmr/m/n/10 169
 []

[169]
Overfull \hbox (166.99454pt too wide) has occurred while \output is active
\TU/lmr/m/n/10 170 \TU/lmr/m/sl/10 CHAPTER 16.  DIRECTIONAL TAIL THRESHOLDS, PROBABILITY BOUNDS, AND ESTIMATION ERROR
 []

[170] [171]
Overfull \hbox (166.99454pt too wide) has occurred while \output is active
\TU/lmr/m/n/10 172 \TU/lmr/m/sl/10 CHAPTER 16.  DIRECTIONAL TAIL THRESHOLDS, PROBABILITY BOUNDS, AND ESTIMATION ERROR
 []

[172

]
Chapter 17.
[173]
Overfull \hbox (32.1345pt too wide) has occurred while \output is active
\TU/lmr/m/n/10 174 \TU/lmr/m/sl/10 CHAPTER 17.  SYNTHETIC DATA AND MAXIMUM ENTROPY BOOTSTRAP
 []

[174] [175]
Overfull \hbox (32.1345pt too wide) has occurred while \output is active
\TU/lmr/m/n/10 176 \TU/lmr/m/sl/10 CHAPTER 17.  SYNTHETIC DATA AND MAXIMUM ENTROPY BOOTSTRAP
 []

[176] [177]
LaTeX Font Info:    Font shape `TU/lmtt/bx/n' in size <14.4> not available
(Font)              Font shape `TU/lmtt/b/n' tried instead on input line 6921.

Underfull \hbox (badness 2503) in paragraph at lines 6921--6921
[]\TU/lmr/bx/n/14.4 Arbitrary Spearman Rank Correlation:
 []


Overfull \hbox (32.1345pt too wide) has occurred while \output is active
\TU/lmr/m/n/10 178 \TU/lmr/m/sl/10 CHAPTER 17.  SYNTHETIC DATA AND MAXIMUM ENTROPY BOOTSTRAP
 []

[178]
Overfull \hbox (3.32802pt too wide) in paragraph at lines 6980--6981
[]\TU/lmr/m/n/10 Reconstructed synthetic series are formed as $[][] [] [][]$,
 []

[179]
Underfull \hbox (badness 2913) in paragraph at lines 7005--7005
[]\TU/lmr/bx/n/14.4 Synthetic Time-Series Generation with
 []


ignored: Infinite glue shrinkage found in box being split
Overfull \hbox (32.1345pt too wide) has occurred while \output is active
\TU/lmr/m/n/10 180 \TU/lmr/m/sl/10 CHAPTER 17.  SYNTHETIC DATA AND MAXIMUM ENTROPY BOOTSTRAP
 []

[180]
LaTeX Font Info:    Font shape `TU/lmtt/bx/n' in size <12> not available
(Font)              Font shape `TU/lmtt/b/n' tried instead on input line 7063.
[181]
Underfull \vbox (badness 1107) has occurred while \output is active []


Overfull \hbox (32.1345pt too wide) has occurred while \output is active
\TU/lmr/m/n/10 182 \TU/lmr/m/sl/10 CHAPTER 17.  SYNTHETIC DATA AND MAXIMUM ENTROPY BOOTSTRAP
 []

[182]
Underfull \hbox (badness 2635) in paragraph at lines 7154--7154
[]\TU/lmr/bx/n/14.4 Applications in Forecasting and Risk
 []

[183]
Overfull \hbox (32.1345pt too wide) has occurred while \output is active
\TU/lmr/m/n/10 184 \TU/lmr/m/sl/10 CHAPTER 17.  SYNTHETIC DATA AND MAXIMUM ENTROPY BOOTSTRAP
 []

[184] [185]
Overfull \hbox (32.1345pt too wide) has occurred while \output is active
\TU/lmr/m/n/10 186 \TU/lmr/m/sl/10 CHAPTER 17.  SYNTHETIC DATA AND MAXIMUM ENTROPY BOOTSTRAP
 []

[186]
Chapter 18.
[187

] [188] [189] [190]
LaTeX Font Info:    Font shape `TU/latinmodern-math.otf(1)/m/n' will be
(Font)              scaled to size 14.4pt on input line 7496.
LaTeX Font Info:    Font shape `TU/latinmodern-math.otf(2)/m/n' will be
(Font)              scaled to size 14.4013pt on input line 7496.
LaTeX Font Info:    Font shape `TU/latinmodern-math.otf(3)/m/n' will be
(Font)              scaled to size 14.39845pt on input line 7496.
[191] [192]
Underfull \hbox (badness 2495) in paragraph at lines 7582--7582
[]\TU/lmr/bx/n/14.4 Partial-Moment Interpretation of Joint
 []


Overfull \hbox (15.41563pt too wide) has occurred while \output is active
\TU/lmr/m/sl/10 18.7.  PARTIAL-MOMENT INTERPRETATION OF JOINT PARTITIONING \TU/lmr/m/n/10 193
 []

[193] [194] [195] [196] [197] [198] [199] [200]
Chapter 19.
[201

]
Underfull \hbox (badness 10000) in paragraph at lines 7889--7891

 []

[202]
Underfull \hbox (badness 1259) in paragraph at lines 7999--8000
[]\TU/lmr/m/n/10 The recursive mean-split estimator can be viewed as a \TU/lmr/bx/n/10 local-constant
 []

[203] [204] [205] [206] [207] [208] [209] [210] [211] [212] [213] [214]
Chapter 20.
[215

] [216] [217] [218]
Overfull \hbox (51.3334pt too wide) has occurred while \output is active
\TU/lmr/m/sl/10 20.5.  RECURSIVE MEAN SPLITS AS UNSUPERVISED STRUCTURE DISCOVERY \TU/lmr/m/n/10 219
 []

[219] [220] [221] [222] [223] [224] [225] [226] [227] [228]
Chapter 21.
[229

] [230] [231] [232] [233] [234]
Underfull \hbox (badness 6300) in paragraph at lines 9483--9483
[]\TU/lmr/bx/n/14.4 Comparison with Classical Regression
 []

[235] [236] [237] [238]
Overfull \hbox (73.97562pt too wide) has occurred while \output is active
\TU/lmr/m/sl/10 21.11.  ADAPTIVE ORDER SELECTION: DEPENDENCE-DRIVEN PARTITION DEPTH \TU/lmr/m/n/10 239
 []

[239] [240] [241]
Underfull \hbox (badness 1521) in paragraph at lines 9783--9784
\TU/lmr/m/n/10 The framework can either preserve joint multivariate structure through
 []

[242] [243] [244]
Chapter 22.
[245

] [246] [247] [248] [249] [250] [251] [252] [253] [254]
Underfull \hbox (badness 3861) in paragraph at lines 10335--10336
[]\TU/lmr/m/n/10 Schematically, this is implemented by calling \TU/lmtt/m/n/10 NNS.boost(..., type =
 []

[255] [256] [257] [258] [259] [260] [261] [262

]
Chapter 23.
[263] [264] [265] [266] [267] [268] [269]
Underfull \hbox (badness 1521) in paragraph at lines 10987--10987
[]\TU/lmr/bx/n/14.4 Cross-Validation in Nonparametric Set-
 []

[270]
Overfull \hbox (2.49452pt too wide) has occurred while \output is active
\TU/lmr/m/sl/10 23.7.  ENSEMBLE LEARNING AND THE BIAS–VARIANCE TRADEOFF \TU/lmr/m/n/10 271
 []

[271] [272] [273] [274] [275] [276] [277] [278]
Chapter 24.
[279

] [280]
Underfull \hbox (badness 1975) in paragraph at lines 11448--11448
[]\TU/lmr/bx/n/14.4 Autoregression as a Subset Regression
 []

[281] [282] [283] [284] [285] [286] [287] [288] [289] [290] [291] [292] [293] [294] [295] [296]
Chapter 25.
[297

]
Overfull \hbox (20.34938pt too wide) detected at line 12241
[][] [] [][] [][][][] [][][] [] [] [][][] [][][] [] [] [][][] [][][] [] [] [] [][][]  [] [] [][] [] [] [][]
 []

[298] [299] [300]
Overfull \hbox (14.98096pt too wide) detected at line 12376
[][] [] [][][][] [][][] [] [] [][][] [][][] [][][] [] [] [][][] [] [] [][][] [][][] [] [] [][][][]
 []

[301]
Underfull \hbox (badness 2626) in paragraph at lines 12431--12432
[]\TU/lmr/m/n/10 So mixed-frequency forecasting is handled natively, rather than being
 []

[302] [303] [304] [305] [306] [307] [308] [309] [310]
Overfull \hbox (125.63344pt too wide) has occurred while \output is active
\TU/lmr/m/sl/10 25.17.  LEAKAGE-SAFE VALIDATION IN MULTIVARIATE AND MIXED-FREQUENCY SETTINGS \TU/lmr/m/n/10 311
 []

[311]
Underfull \hbox (badness 1776) in paragraph at lines 12988--12989
[]\TU/lmr/bx/n/10 nonparametric vector autoregression as directional multivariate
 []

[312]
Chapter 26.
[313

] [314]
Chapter 27.

ignored: Infinite glue shrinkage found in box being split [315

]
ignored: Infinite glue shrinkage found in box being split
Overfull \hbox (2.70673pt too wide) has occurred while \output is active
\TU/lmr/m/n/10 316 \TU/lmr/m/sl/10 CHAPTER 27.  APPENDIX: NOTATION AND FUNCTION REFERENCE
 []

[316]
Underfull \hbox (badness 1762) in paragraph at lines 13176--13178
[]\TU/lmtt/m/n/10 UPM.VaR(percentile, degree, variable) \TU/lmr/m/n/10 Upper-tail analog of \TU/lmtt/m/n/10 LPM.VaR\TU/lmr/m/n/10 ,
 []


Underfull \hbox (badness 1642) in paragraph at lines 13179--13179
[]\TU/lmr/bx/n/14.4 Directional Decision Regions Crosswalk
 []


Overfull \hbox (14.1009pt too wide) in paragraph at lines 13206--13206
[]|\TU/lmtt/m/n/10 LPM.VaR(alpha, 
 []


Overfull \hbox (13.15091pt too wide) in paragraph at lines 13207--13207
\TU/lmr/m/n/10 risk/opportunity 
 []


Overfull \hbox (14.1009pt too wide) in paragraph at lines 13207--13207
[]|\TU/lmtt/m/n/10 UPM.VaR(alpha, 
 []


Overfull \hbox (14.1009pt too wide) in paragraph at lines 13208--13208
[]|\TU/lmtt/m/n/10 NNS.ANOVA(...) 
 []


Overfull \hbox (14.1009pt too wide) in paragraph at lines 13210--13210
[]|\TU/lmtt/m/n/10 Co.LPM(degree, 
 []


Overfull \hbox (14.1009pt too wide) in paragraph at lines 13210--13210
\TU/lmtt/m/n/10 Co.UPM(degree, 
 []


Overfull \hbox (3.6009pt too wide) in paragraph at lines 13211--13211
[]|\TU/lmtt/m/n/10 LPM.VaR(...) 
 []


Overfull \hbox (3.6009pt too wide) in paragraph at lines 13211--13211
\TU/lmtt/m/n/10 UPM.VaR(...) 
 []


Overfull \hbox (37.77452pt too wide) has occurred while \output is active
\TU/lmr/m/sl/10 27.4.  DIRECTIONAL DECISION REGIONS CROSSWALK (CLASSICAL → NNS) \TU/lmr/m/n/10 317
 []

[317]
ignored: Infinite glue shrinkage found in box being split
Overfull \hbox (2.70673pt too wide) has occurred while \output is active
\TU/lmr/m/n/10 318 \TU/lmr/m/sl/10 CHAPTER 27.  APPENDIX: NOTATION AND FUNCTION REFERENCE
 []

[318]
Overfull \hbox (90.75pt too wide) in paragraph at lines 13236--13236
\TU/lmtt/m/n/10 NNS.reg(...)$Fitted.xy$residuals 
 []


Overfull \hbox (22.5pt too wide) in paragraph at lines 13237--13237
\TU/lmtt/m/n/10 confidence.interval 
 []


Overfull \hbox (0.89pt too wide) in paragraph at lines 13238--13238
\TU/lmr/m/n/10 rolling/segmented 
 []

[319]
Overfull \hbox (2.70673pt too wide) has occurred while \output is active
\TU/lmr/m/n/10 320 \TU/lmr/m/sl/10 CHAPTER 27.  APPENDIX: NOTATION AND FUNCTION REFERENCE
 []

[320] (./nns-book.aux)
 ***********
LaTeX2e <2025-11-01>
L3 programming layer <2026-01-19>
 ***********

LaTeX Warning: There were undefined references.

 ) 
Here is how much of TeX's memory you used:
 19950 strings out of 470190
 372314 string characters out of 5477123
 996868 words of memory out of 5000000
 48258 multiletter control sequences out of 15000+600000
 635269 words of font info for 116 fonts, out of 8000000 for 9000
 14 hyphenation exceptions out of 8191
 90i,11n,114p,1005b,493s stack positions out of 10000i,1000n,20000p,200000b,200000s

Output written on nns-book.pdf (320 pages).
